PASS_FILE_MANIFEST files=36
PASS_U_ORBIT_AND_BINARY_GRAM_CHAIN psd_orbits=12 viable=6
PASS_C3P3_SAT_CONTROL clauses_and_integer_equations
PASS_REGENERATED_TYPE_EDGE mask=000000000 sha256=15fb8f76b1583d4c8ad72d8462ef2e84447d8238df950156a01105bc409fa6c0
PASS_REGENERATED_TYPE_EDGE mask=000000001 sha256=06b2855baca692a768310c0e61b7e9ac77f5e5cd28b106a7fea9a6790d5e6259
PASS_REGENERATED_TYPE_EDGE mask=000001001 sha256=8d1ac0aafb3d310ecece2cc70594f6216ecf2a24028b9f6d5a2b0a4c9d755dd9
PASS_REGENERATED_TYPE_EDGE mask=000001100 sha256=083386b47e2c6dcf62ad4c621948ebe95bc8e16e48dcbb4f7d1ac9bea56afe99
PASS_REGENERATED_TYPE_EDGE mask=001100010 sha256=c5a3523190813d69c3fae7bd4503e6c13dfe8e52e98a8f9dcab6bc4acb30f621
PASS_REGENERATED_UNIQUE_MULTIPLICITY sha256=46aaf92ef78f5ec931db64083482d3033cd350348dbe2f3aa27d4c426afb5122
PASS_REGENERATED_EXACT_GRAPH sha256=eb2699ac12f487b1f13b588d538b15d67aa7fae104b97c641064bf29f653bf28
PASS_FRESH_DRAT label=gram-000000101
PASS_FRESH_DRAT label=gram-000001101
PASS_FRESH_DRAT label=gram-000100101
PASS_FRESH_DRAT label=gram-000101001
PASS_FRESH_DRAT label=gram-000101101
PASS_FRESH_DRAT label=gram-001001101
PASS_FRESH_DRAT label=type-edge-000000000
PASS_FRESH_DRAT label=type-edge-000000001
PASS_FRESH_DRAT label=type-edge-000001001
PASS_FRESH_DRAT label=type-edge-000001100
PASS_FRESH_DRAT label=type-edge-001100010
PASS_FRESH_DRAT label=3p3-unique-multiplicity
PASS_FRESH_DRAT label=3p3-exact-graph
PASS_F27_CERTIFICATE_BUNDLE fresh_proofs=True proofs=13
