2076 parents 250 children 25121 new3 14895
2076 parents 500 children 50155 new3 26910
2076 parents 750 children 75308 new3 41377
2076 parents 1000 children 99848 new3 53715
2076 parents 1250 children 124884 new3 67115
2076 parents 1500 children 149979 new3 80501
2076 parents 1750 children 175185 new3 94122
2076 parents 2000 children 200738 new3 108419
2076 parents 2250 children 226169 new3 122326
2076 parents 2500 children 251668 new3 135546
2076 parents 2750 children 276559 new3 146441
2076 parents 3000 children 301408 new3 155049
2076 parents 3250 children 327169 new3 163152
2076 parents 3500 children 352664 new3 170276
2076 parents 3750 children 377560 new3 175922
2076 parents 4000 children 402699 new3 180861
2076 parents 4250 children 427789 new3 185172
2076 parents 4500 children 453346 new3 188776
2076 parents 4750 children 479352 new3 192682
2076 parents 5000 children 504262 new3 194438
{"arm": "2076", "base_WL1": [2076, 2488], "parents": 5222, "children": 526476, "improving": 0, "best_child_WL1": [2078, 2488], "distinct_new_depth3": 195508, "expected": {"children": 526476, "distinct_depth3": 195508}, "sampled_children_indep_checked": 400, "score_mismatches": 0, "W_hist_by_depth": {"1": {"2078": 1, "2079": 1, "2081": 1, "2083": 3, "2085": 5, "2086": 1, "2088": 4, "2089": 3, "2090": 3, "2091": 3, "2092": 3, "2093": 2, "2094": 1, "2095": 2, "2096": 3, "2097": 1, "2098": 8, "2099": 1, "2100": 4, "2101": 4, "2102": 2, "2103": 5, "2104": 1, "2105": 6, "2106": 4, "2107": 1, "2108": 3, "2109": 7, "2111": 1, "2112": 1, "2115": 3, "2116": 1, "2117": 1, "2118": 2, "2119": 1, "2120": 1, "2122": 3, "2126": 1, "2129": 1}, "2": {"2077": 1, "2080": 1, "2082": 1, "2083": 1, "2085": 3, "2086": 4, "2087": 3, "2088": 9, "2089": 7, "2090": 8, "2091": 13, "2092": 14, "2093": 20, "2094": 19, "2095": 38, "2096": 27, "2097": 29, "2098": 39, "2099": 31, "2100": 44, "2101": 57, "2102": 57, "2103": 60, "2104": 55, "2105": 79, "2106": 55, "2107": 85, "2108": 83, "2109": 94, "2110": 100, "2111": 94, "2112": 105, "2113": 113, "2114": 134, "2115": 123, "2116": 129, "2117": 124, "2118": 134, "2119": 121, "2120": 142, "2121": 117, "2122": 141, "2123": 142, "2124": 124, "2125": 131, "2126": 117, "2127": 137, "2128": 121, "2129": 105, "2130": 117, "2131": 124, "2132": 107, "2133": 104, "2134": 99, "2135": 87, "2136": 87, "2137": 84, "2138": 86, "2139": 83, "2140": 80, "2141": 67, "2142": 71, "2143": 54, "2144": 58, "2145": 49, "2146": 54, "2147": 49, "2148": 50, "2149": 35, "2150": 25, "2151": 44, "2152": 27, "2153": 24, "2154": 24, "2155": 19, "2156": 14, "2157": 10, "2158": 22, "2159": 19, "2160": 10, "2161": 8, "2162": 11, "2163": 7, "2164": 6, "2165": 4, "2166": 2, "2167": 1, "2168": 2, "2169": 1, "2171": 1, "2172": 2, "2174": 1, "2176": 1, "2177": 1}}, "W_hist_depth3": {"2082": 1, "2083": 1, "2084": 2, "2085": 3, "2086": 7, "2087": 3, "2088": 5, "2089": 7, "2090": 8, "2091": 14, "2092": 17, "2093": 25, "2094": 20, "2095": 27, "2096": 46, "2097": 68, "2098": 67, "2099": 110, "2100": 108, "2101": 150, "2102": 170, "2103": 224, "2104": 242, "2105": 312, "2106": 329, "2107": 402, "2108": 435, "2109": 503, "2110": 625, "2111": 647, "2112": 747, "2113": 818, "2114": 963, "2115": 990, "2116": 1142, "2117": 1279, "2118": 1362, "2119": 1489, "2120": 1567, "2121": 1779, "2122": 1944, "2123": 2029, "2124": 2230, "2125": 2421, "2126": 2471, "2127": 2696, "2128": 2760, "2129": 2939, "2130": 3105, "2131": 3179, "2132": 3309, "2133": 3459, "2134": 3533, "2135": 3698, "2136": 3770, "2137": 3833, "2138": 3894, "2139": 4059, "2140": 4030, "2141": 4104, "2142": 4094, "2143": 4146, "2144": 4166, "2145": 4072, "2146": 4211, "2147": 4041, "2148": 4062, "2149": 4010, "2150": 4072, "2151": 3941, "2152": 3829, "2153": 3744, "2154": 3617, "2155": 3628, "2156": 3482, "2157": 3293, "2158": 3210, "2159": 3213, "2160": 2994, "2161": 2912, "2162": 2804, "2163": 2719, "2164": 2512, "2165": 2419, "2166": 2369, "2167": 2180, "2168": 2129, "2169": 1984, "2170": 1854, "2171": 1769, "2172": 1593, "2173": 1537, "2174": 1381, "2175": 1287, "2176": 1197, "2177": 1140, "2178": 1049, "2179": 922, "2180": 900, "2181": 770, "2182": 678, "2183": 646, "2184": 568, "2185": 530, "2186": 492, "2187": 417, "2188": 371, "2189": 349, "2190": 267, "2191": 252, "2192": 231, "2193": 195, "2194": 171, "2195": 161, "2196": 113, "2197": 103, "2198": 95, "2199": 75, "2200": 61, "2201": 57, "2202": 41, "2203": 48, "2204": 23, "2205": 35, "2206": 27, "2207": 11, "2208": 14, "2209": 10, "2210": 12, "2211": 5, "2212": 4, "2213": 5, "2214": 5, "2215": 3, "2216": 1, "2217": 1, "2218": 1, "2226": 1}, "best5_WL1_by_depth": {"1": [[[2078, 2488], 1], [[2079, 2492], 1], [[2081, 2500], 1], [[2083, 2484], 1], [[2083, 2492], 1]], "2": [[[2077, 2488], 1], [[2080, 2498], 1], [[2082, 2476], 1], [[2083, 2498], 1], [[2085, 2486], 1]]}, "best5_WL1_depth3": [[[2082, 2498], 1], [[2083, 2502], 1], [[2084, 2492], 1], [[2084, 2496], 1], [[2085, 2472], 1]], "cpu_s_last_session": 1262.4, "cpu_s_total_approx": 1262.3, "note": "distinct states counted via blake2b-128 digests; sample check uses an independent scorer", "match": true}
