{
    "python": "3.12.14 (main, Aug 25 2026, 14:00:49) [Clang 22.1.3 ]",
    "source_sha256": "c11bb17e625e9af6d130de1c23468a88a0debee32e5b8529d52f2b5d04f07024",
    "candidates": {
        "C01": {
            "arm": "omega",
            "declared_hard_checks": {
                "order_99": true,
                "simple_undirected": true,
                "regular_14": true,
                "lambda_edge_condition": false,
                "omega_frame_condition": false
            },
            "graph6_characters": 814,
            "standard_graph6_order": 1,
            "expected_standard_characters_order99": 813,
            "custom_payload_bits": 4854,
            "required_bits_order99": 4851,
            "sha256_actual": "b773467929f553c69c58264c1a2e2427815cc5346c03bfc2e52b48ba918ef8ce",
            "sha256_claimed": "b773467929f553c69c58264c1a2e2427815cc5346c03bfc2e52b48ba918ef8ce",
            "sha256_matches": true,
            "supplied_verifier_result": "FAIL: Regularit\u00e4t verletzt bei Knoten 15 (Grad: 24)",
            "declared_histogram_derived": {
                "pairs": 4851,
                "W": 3904,
                "L1": 11933,
                "F": 61349,
                "Linf": 21,
                "Nmax": 1,
                "residual_sum": 8599
            },
            "diagnostic_using_supplied_nonstandard_decoder": {
                "order": 99,
                "edges": 952,
                "degree_histogram": {
                    "14": 20,
                    "15": 4,
                    "16": 2,
                    "17": 4,
                    "18": 9,
                    "19": 9,
                    "20": 11,
                    "21": 11,
                    "22": 12,
                    "23": 8,
                    "24": 3,
                    "25": 2,
                    "26": 2,
                    "29": 2
                },
                "W": 3960,
                "L1": 10230,
                "F": 35838,
                "Linf": 11,
                "Nmax": 1,
                "lambda_bad_edges": 837,
                "residual_sum": 9276,
                "residual_histogram": {
                    "-2": 83,
                    "-1": 311,
                    "0": 891,
                    "1": 896,
                    "2": 925,
                    "3": 764,
                    "4": 495,
                    "5": 289,
                    "6": 121,
                    "7": 50,
                    "8": 22,
                    "9": 3,
                    "11": 1
                }
            }
        },
        "C02": {
            "arm": "lambda",
            "declared_hard_checks": {
                "order_99": true,
                "simple_undirected": true,
                "regular_14": true,
                "lambda_edge_condition": false,
                "omega_frame_condition": null
            },
            "graph6_characters": 814,
            "standard_graph6_order": 1,
            "expected_standard_characters_order99": 813,
            "custom_payload_bits": 4854,
            "required_bits_order99": 4851,
            "sha256_actual": "f7b5ae5fe3d303f8a9dd7e74fac5b08a3babc5c5e858166870c7497eeb6cda6b",
            "sha256_claimed": "f7b5ae5fe3d303f8a9dd7e74fac5b08a3babc5c5e858166870c7497eeb6cda6b",
            "sha256_matches": true,
            "supplied_verifier_result": "PASS",
            "declared_histogram_derived": {
                "pairs": 4851,
                "W": 2840,
                "L1": 5538,
                "F": 11850,
                "Linf": 6,
                "Nmax": 1,
                "residual_sum": 0
            },
            "diagnostic_using_supplied_nonstandard_decoder": {
                "order": 99,
                "edges": 693,
                "degree_histogram": {
                    "14": 99
                },
                "W": 2772,
                "L1": 4950,
                "F": 9306,
                "Linf": 2,
                "Nmax": 2178,
                "lambda_bad_edges": 495,
                "residual_sum": 0,
                "residual_histogram": {
                    "-2": 1188,
                    "-1": 99,
                    "0": 2079,
                    "1": 495,
                    "2": 990
                }
            }
        },
        "C03": {
            "arm": "lambda",
            "declared_hard_checks": {
                "order_99": true,
                "simple_undirected": true,
                "regular_14": true,
                "lambda_edge_condition": false,
                "omega_frame_condition": null
            },
            "graph6_characters": 814,
            "standard_graph6_order": 1,
            "expected_standard_characters_order99": 813,
            "custom_payload_bits": 4854,
            "required_bits_order99": 4851,
            "sha256_actual": "a2ede78f0f73ccf45765f5f5e1128fdb824d7b239c33960f7f64fde26b616178",
            "sha256_claimed": "a2ede78f0f73ccf45765f5f5e1128fdb824d7b239c33960f7f64fde26b616178",
            "sha256_matches": true,
            "supplied_verifier_result": "FAIL: Regularit\u00e4t verletzt bei Knoten 0 (Grad: 2)",
            "declared_histogram_derived": {
                "pairs": 4851,
                "W": 4840,
                "L1": 9623,
                "F": 19189,
                "Linf": 2,
                "Nmax": 4783,
                "residual_sum": -9621
            },
            "diagnostic_using_supplied_nonstandard_decoder": {
                "order": 99,
                "edges": 45,
                "degree_histogram": {
                    "0": 40,
                    "1": 36,
                    "2": 16,
                    "3": 6,
                    "4": 1
                },
                "W": 4848,
                "L1": 9617,
                "F": 19155,
                "Linf": 2,
                "Nmax": 4769,
                "lambda_bad_edges": 42,
                "residual_sum": -9617,
                "residual_histogram": {
                    "-2": 4769,
                    "-1": 79,
                    "0": 3
                }
            }
        }
    },
    "F02_declared_generators_independent_construction": {
        "order": 99,
        "edges": 693,
        "degree_histogram": {
            "14": 99
        },
        "W": 2772,
        "L1": 4950,
        "F": 9306,
        "Linf": 2,
        "Nmax": 2178,
        "lambda_bad_edges": 495,
        "residual_sum": 0,
        "residual_histogram": {
            "-2": 1188,
            "-1": 99,
            "0": 2079,
            "1": 495,
            "2": 990
        }
    },
    "F03_tuple_predicate_counterexample": {
        "valid_returned": true,
        "self_loop_inserted": true
    },
    "verifier_matrix_square_counterexample": {
        "computed": [
            [
                0,
                0,
                0
            ],
            [
                0,
                0,
                0
            ],
            [
                0,
                0,
                2
            ]
        ],
        "expected": [
            [
                1,
                1,
                0
            ],
            [
                1,
                1,
                0
            ],
            [
                0,
                0,
                2
            ]
        ],
        "equal": false
    }
}
