INTEGRITY_PASS {"0": {"root_minima": {"n": 7418, "min": 515304, "p25": 606072, "median": 648108, "p75": 668489, "max": 689767, "sum": 4706649635}, "all_widths": {"n": 615694, "min": 515304, "p25": 12576378, "median": 12951101, "p75": 15075860, "max": 16314574, "sum": 7627984103158}}, "1": {"root_minima": {"n": 630, "min": 199108, "p25": 205128, "median": 206129, "p75": 207057, "max": 212670, "sum": 129792039}, "all_widths": {"n": 52290, "min": 199108, "p25": 12493028, "median": 12924685, "p75": 15221226, "max": 16344022, "sum": 651393137797}}, "2": {"root_minima": {"n": 57, "min": 172657, "p25": 173387, "median": 174549, "p75": 175495, "max": 179820, "sum": 9962005}, "all_widths": {"n": 4731, "min": 172657, "p25": 12375186, "median": 12862704, "p75": 15447234, "max": 16351213, "sum": 59391458827}}}
SAMPLE_FIXED ad64b7301aef8ed830d28ea73ae690db8e02ac6db2d0a35a173bd3cc1c342d1c
PROGRESS 200 13455 cpu_s 40.49 wall_s 6.17 mismatches 0
PROGRESS 400 13455 cpu_s 79.08 wall_s 10.98 mismatches 0
PROGRESS 600 13455 cpu_s 118.01 wall_s 15.64 mismatches 0
PROGRESS 800 13455 cpu_s 156.75 wall_s 20.32 mismatches 0
PROGRESS 1000 13455 cpu_s 198.44 wall_s 25.36 mismatches 0
PROGRESS 1200 13455 cpu_s 236.62 wall_s 30.26 mismatches 0
PROGRESS 1400 13455 cpu_s 273.65 wall_s 34.83 mismatches 0
PROGRESS 1600 13455 cpu_s 315.95 wall_s 40.21 mismatches 0
PROGRESS 1800 13455 cpu_s 354.63 wall_s 44.91 mismatches 0
PROGRESS 2000 13455 cpu_s 398.78 wall_s 50.43 mismatches 0
PROGRESS 2200 13455 cpu_s 440.63 wall_s 56.03 mismatches 0
PROGRESS 2400 13455 cpu_s 484.37 wall_s 61.33 mismatches 0
PROGRESS 2600 13455 cpu_s 525.26 wall_s 66.58 mismatches 0
PROGRESS 2800 13455 cpu_s 568.02 wall_s 72.16 mismatches 0
PROGRESS 3000 13455 cpu_s 616.8 wall_s 78.2 mismatches 0
PROGRESS 3200 13455 cpu_s 656.77 wall_s 83.11 mismatches 0
PROGRESS 3400 13455 cpu_s 698.78 wall_s 88.46 mismatches 0
PROGRESS 3600 13455 cpu_s 736.48 wall_s 93.2 mismatches 0
PROGRESS 3800 13455 cpu_s 780.17 wall_s 98.69 mismatches 0
PROGRESS 4000 13455 cpu_s 820.78 wall_s 103.63 mismatches 0
PROGRESS 4200 13455 cpu_s 860.21 wall_s 108.51 mismatches 0
PROGRESS 4400 13455 cpu_s 901.42 wall_s 113.94 mismatches 0
PROGRESS 4600 13455 cpu_s 942.47 wall_s 119.5 mismatches 0
PROGRESS 4800 13455 cpu_s 981.93 wall_s 124.08 mismatches 0
PROGRESS 5000 13455 cpu_s 1022.57 wall_s 128.85 mismatches 0
PROGRESS 5200 13455 cpu_s 1061.88 wall_s 133.81 mismatches 0
PROGRESS 5400 13455 cpu_s 1102.76 wall_s 139.05 mismatches 0
PROGRESS 5600 13455 cpu_s 1146.94 wall_s 144.36 mismatches 0
PROGRESS 5800 13455 cpu_s 1188.48 wall_s 149.59 mismatches 0
PROGRESS 6000 13455 cpu_s 1229.27 wall_s 154.6 mismatches 0
PROGRESS 6200 13455 cpu_s 1268.87 wall_s 159.63 mismatches 0
PROGRESS 6400 13455 cpu_s 1309.56 wall_s 164.84 mismatches 0
PROGRESS 6600 13455 cpu_s 1348.16 wall_s 169.31 mismatches 0
PROGRESS 6800 13455 cpu_s 1389.65 wall_s 175.06 mismatches 0
PROGRESS 7000 13455 cpu_s 1432.64 wall_s 180.56 mismatches 0
PROGRESS 7200 13455 cpu_s 1471.83 wall_s 185.36 mismatches 0
PROGRESS 7400 13455 cpu_s 1511.13 wall_s 189.92 mismatches 0
PROGRESS 7600 13455 cpu_s 1550.8 wall_s 195.24 mismatches 0
PROGRESS 7800 13455 cpu_s 1589.29 wall_s 199.76 mismatches 0
PROGRESS 8000 13455 cpu_s 1634.37 wall_s 206.1 mismatches 0
PROGRESS 8200 13455 cpu_s 1675.32 wall_s 210.6 mismatches 0
PROGRESS 8400 13455 cpu_s 1716.37 wall_s 215.71 mismatches 0
PROGRESS 8600 13455 cpu_s 1755.57 wall_s 220.71 mismatches 0
PROGRESS 8800 13455 cpu_s 1795.93 wall_s 225.66 mismatches 0
PROGRESS 9000 13455 cpu_s 1836.67 wall_s 230.9 mismatches 0
PROGRESS 9200 13455 cpu_s 1878.4 wall_s 235.84 mismatches 0
PROGRESS 9400 13455 cpu_s 1920.88 wall_s 241.31 mismatches 0
PROGRESS 9600 13455 cpu_s 1963.99 wall_s 246.7 mismatches 0
PROGRESS 9800 13455 cpu_s 2003.51 wall_s 251.8 mismatches 0
PROGRESS 10000 13455 cpu_s 2040.65 wall_s 256.29 mismatches 0
PROGRESS 10200 13455 cpu_s 2080.81 wall_s 261.3 mismatches 0
PROGRESS 10400 13455 cpu_s 2122.96 wall_s 266.7 mismatches 0
PROGRESS 10600 13455 cpu_s 2162.42 wall_s 271.62 mismatches 0
PROGRESS 10800 13455 cpu_s 2204.62 wall_s 276.69 mismatches 0
PROGRESS 11000 13455 cpu_s 2243.75 wall_s 281.58 mismatches 0
PROGRESS 11200 13455 cpu_s 2283.85 wall_s 286.99 mismatches 0
PROGRESS 11400 13455 cpu_s 2320.91 wall_s 291.75 mismatches 0
PROGRESS 11600 13455 cpu_s 2359.5 wall_s 296.32 mismatches 0
PROGRESS 11800 13455 cpu_s 2400.45 wall_s 301.4 mismatches 0
PROGRESS 12000 13455 cpu_s 2439.74 wall_s 306.36 mismatches 0
PROGRESS 12200 13455 cpu_s 2481.91 wall_s 311.73 mismatches 0
PROGRESS 12400 13455 cpu_s 2522.17 wall_s 316.8 mismatches 0
PROGRESS 12600 13455 cpu_s 2560.64 wall_s 321.46 mismatches 0
PROGRESS 12800 13455 cpu_s 2600.0 wall_s 326.47 mismatches 0
PROGRESS 13000 13455 cpu_s 2638.67 wall_s 331.52 mismatches 0
PROGRESS 13200 13455 cpu_s 2680.06 wall_s 336.77 mismatches 0
PROGRESS 13400 13455 cpu_s 2724.9 wall_s 343.34 mismatches 0
INDEPENDENT_FINISHED 0
